// Jest Snapshot v1, https://goo.gl/fbAQLP

exports[`Test Button component can be rendered: button-snapshot 1`] = `
<div
  class="small-button-container"
  data-testid="dots"
>
  <svg
    class="image small-button-icon tooltip"
    fill="white"
    height="25"
    width="25px"
  >
    <use
      xlink:href="test-file-stub#dots"
    />
  </svg>
</div>
`;
