// Jest Snapshot v1, https://goo.gl/fbAQLP

exports[`test password input component matches snapshot: Password input test snapshot 1`] = `
<div
  class="input-container"
>
  <svg
    class="image pre-icon tooltip"
    fill="BlackCommon"
    height="17"
    width="17"
  >
    <use
      xlink:href="test-file-stub#key"
    />
  </svg>
  <input
    class="input"
    id="test-id"
    type="password"
  />
  <svg
    class="image eye-icon tooltip"
    fill="BlackCommon"
    height="48"
    width="48"
  >
    <use
      xlink:href="test-file-stub#eye-open"
    />
  </svg>
</div>
`;
